== MiniMind-Embedding 训练 (stage2, embed_dense_64m) ==
[load_pretrained_backbone] 已加载 /root/minimind-embeddings/checkpoints/embedding/embedding_stage1_768.pth
  完整加载: 93 个参数
  部分加载: 0 个(vocab 扩展,前 6400 行已拷贝)
  跳过:     0 个(embedding 模型忽略 lm_head / rerank 缺 head 属正常)
参数量: 64.5M
[HFEmbeddingDataset] 加载 sentence-transformers/t2ranking (config=triplet-15) split=train ...
[HFEmbeddingDataset] 共 340111 条
总步数: 63768, batch=16, accum=1
wandb: [wandb.login()] Loaded credentials for https://api.wandb.ai from WANDB_API_KEY.
wandb: Currently logged in as: qinganli (qinganli-personal) to https://api.wandb.ai. Use `wandb login --relogin` to force relogin
wandb: setting up run w6li4xpj
wandb: Tracking run with wandb version 0.28.1
wandb: Run data is saved locally in /root/minimind-embeddings/wandb/run-20260728_122846-w6li4xpj
wandb: Run `wandb offline` to turn off syncing.
wandb: Syncing run cloud_stage2_FINAL_batch16_w128
wandb: ⭐️ View project at https://wandb.ai/qinganli-personal/minimind-embedding
wandb: 🚀 View run at https://wandb.ai/qinganli-personal/minimind-embedding/runs/w6li4xpj
[wandb] 已启用,project=minimind-embedding run=cloud_stage2_FINAL_batch16_w128
epoch 0 step 100/63768 loss 1.6925 lr 1.00e-05
epoch 0 step 200/63768 loss 1.5600 lr 1.00e-05
epoch 0 step 300/63768 loss 1.5486 lr 1.00e-05
epoch 0 step 400/63768 loss 1.5625 lr 1.00e-05
epoch 0 step 500/63768 loss 1.5536 lr 1.00e-05
epoch 0 step 600/63768 loss 1.5400 lr 1.00e-05
epoch 0 step 700/63768 loss 1.5061 lr 1.00e-05
epoch 0 step 800/63768 loss 1.4977 lr 1.00e-05
epoch 0 step 900/63768 loss 1.5682 lr 1.00e-05
epoch 0 step 1000/63768 loss 1.4720 lr 9.99e-06
epoch 0 step 1100/63768 loss 1.5576 lr 9.99e-06
epoch 0 step 1200/63768 loss 1.5124 lr 9.99e-06
epoch 0 step 1300/63768 loss 1.5329 lr 9.99e-06
epoch 0 step 1400/63768 loss 1.5212 lr 9.99e-06
epoch 0 step 1500/63768 loss 1.4948 lr 9.99e-06
epoch 0 step 1600/63768 loss 1.5088 lr 9.99e-06
epoch 0 step 1700/63768 loss 1.4944 lr 9.98e-06
epoch 0 step 1800/63768 loss 1.4984 lr 9.98e-06
epoch 0 step 1900/63768 loss 1.4742 lr 9.98e-06
epoch 0 step 2000/63768 loss 1.5191 lr 9.98e-06
epoch 0 step 2100/63768 loss 1.4612 lr 9.98e-06
epoch 0 step 2200/63768 loss 1.5272 lr 9.97e-06
epoch 0 step 2300/63768 loss 1.5242 lr 9.97e-06
epoch 0 step 2400/63768 loss 1.4913 lr 9.97e-06
epoch 0 step 2500/63768 loss 1.5004 lr 9.97e-06
epoch 0 step 2600/63768 loss 1.4617 lr 9.96e-06
epoch 0 step 2700/63768 loss 1.5112 lr 9.96e-06
epoch 0 step 2800/63768 loss 1.4408 lr 9.96e-06
epoch 0 step 2900/63768 loss 1.4714 lr 9.95e-06
epoch 0 step 3000/63768 loss 1.4520 lr 9.95e-06
epoch 0 step 3100/63768 loss 1.4739 lr 9.95e-06
epoch 0 step 3200/63768 loss 1.4095 lr 9.94e-06
epoch 0 step 3300/63768 loss 1.4722 lr 9.94e-06
epoch 0 step 3400/63768 loss 1.4182 lr 9.94e-06
epoch 0 step 3500/63768 loss 1.4324 lr 9.93e-06
epoch 0 step 3600/63768 loss 1.4004 lr 9.93e-06
epoch 0 step 3700/63768 loss 1.5106 lr 9.93e-06
epoch 0 step 3800/63768 loss 1.4954 lr 9.92e-06
epoch 0 step 3900/63768 loss 1.4262 lr 9.92e-06
epoch 0 step 4000/63768 loss 1.4448 lr 9.91e-06
[save] checkpoints/embedding/embedding_stage2_768_step4000.pth + latest -> checkpoints/embedding/embedding_stage2_768.pth
epoch 0 step 4100/63768 loss 1.4687 lr 9.91e-06
epoch 0 step 4200/63768 loss 1.4105 lr 9.90e-06
epoch 0 step 4300/63768 loss 1.4484 lr 9.90e-06
epoch 0 step 4400/63768 loss 1.4031 lr 9.89e-06
epoch 0 step 4500/63768 loss 1.4939 lr 9.89e-06
epoch 0 step 4600/63768 loss 1.3757 lr 9.88e-06
epoch 0 step 4700/63768 loss 1.3968 lr 9.88e-06
epoch 0 step 4800/63768 loss 1.4022 lr 9.87e-06
epoch 0 step 4900/63768 loss 1.3783 lr 9.87e-06
epoch 0 step 5000/63768 loss 1.4069 lr 9.86e-06
epoch 0 step 5100/63768 loss 1.3798 lr 9.86e-06
epoch 0 step 5200/63768 loss 1.4597 lr 9.85e-06
epoch 0 step 5300/63768 loss 1.4574 lr 9.85e-06
epoch 0 step 5400/63768 loss 1.4267 lr 9.84e-06
epoch 0 step 5500/63768 loss 1.4466 lr 9.84e-06
epoch 0 step 5600/63768 loss 1.3914 lr 9.83e-06
epoch 0 step 5700/63768 loss 1.4828 lr 9.82e-06
epoch 0 step 5800/63768 loss 1.3697 lr 9.82e-06
epoch 0 step 5900/63768 loss 1.3651 lr 9.81e-06
epoch 0 step 6000/63768 loss 1.3711 lr 9.80e-06
epoch 0 step 6100/63768 loss 1.3956 lr 9.80e-06
epoch 0 step 6200/63768 loss 1.3741 lr 9.79e-06
epoch 0 step 6300/63768 loss 1.4126 lr 9.79e-06
epoch 0 step 6400/63768 loss 1.4082 lr 9.78e-06
epoch 0 step 6500/63768 loss 1.4108 lr 9.77e-06
epoch 0 step 6600/63768 loss 1.3872 lr 9.76e-06
epoch 0 step 6700/63768 loss 1.3646 lr 9.76e-06
epoch 0 step 6800/63768 loss 1.4460 lr 9.75e-06
epoch 0 step 6900/63768 loss 1.3794 lr 9.74e-06
epoch 0 step 7000/63768 loss 1.3972 lr 9.74e-06
epoch 0 step 7100/63768 loss 1.4109 lr 9.73e-06
epoch 0 step 7200/63768 loss 1.3864 lr 9.72e-06
epoch 0 step 7300/63768 loss 1.4679 lr 9.71e-06
epoch 0 step 7400/63768 loss 1.3744 lr 9.70e-06
epoch 0 step 7500/63768 loss 1.3437 lr 9.70e-06
epoch 0 step 7600/63768 loss 1.3838 lr 9.69e-06
epoch 0 step 7700/63768 loss 1.3551 lr 9.68e-06
epoch 0 step 7800/63768 loss 1.3953 lr 9.67e-06
epoch 0 step 7900/63768 loss 1.3848 lr 9.66e-06
epoch 0 step 8000/63768 loss 1.4101 lr 9.66e-06
[save] checkpoints/embedding/embedding_stage2_768_step8000.pth + latest -> checkpoints/embedding/embedding_stage2_768.pth
epoch 0 step 8100/63768 loss 1.3700 lr 9.65e-06
epoch 0 step 8200/63768 loss 1.4192 lr 9.64e-06
epoch 0 step 8300/63768 loss 1.3872 lr 9.63e-06
epoch 0 step 8400/63768 loss 1.3642 lr 9.62e-06
epoch 0 step 8500/63768 loss 1.3189 lr 9.61e-06
epoch 0 step 8600/63768 loss 1.3407 lr 9.60e-06
epoch 0 step 8700/63768 loss 1.3628 lr 9.59e-06
epoch 0 step 8800/63768 loss 1.3772 lr 9.58e-06
epoch 0 step 8900/63768 loss 1.3755 lr 9.57e-06
epoch 0 step 9000/63768 loss 1.4117 lr 9.56e-06
epoch 0 step 9100/63768 loss 1.3600 lr 9.56e-06
epoch 0 step 9200/63768 loss 1.3742 lr 9.55e-06
epoch 0 step 9300/63768 loss 1.3200 lr 9.54e-06
epoch 0 step 9400/63768 loss 1.3441 lr 9.53e-06
epoch 0 step 9500/63768 loss 1.3335 lr 9.52e-06
epoch 0 step 9600/63768 loss 1.3752 lr 9.51e-06
epoch 0 step 9700/63768 loss 1.4242 lr 9.50e-06
epoch 0 step 9800/63768 loss 1.3534 lr 9.49e-06
epoch 0 step 9900/63768 loss 1.3556 lr 9.48e-06
epoch 0 step 10000/63768 loss 1.3800 lr 9.46e-06
epoch 0 step 10100/63768 loss 1.4015 lr 9.45e-06
epoch 0 step 10200/63768 loss 1.3413 lr 9.44e-06
epoch 0 step 10300/63768 loss 1.3799 lr 9.43e-06
epoch 0 step 10400/63768 loss 1.2837 lr 9.42e-06
epoch 0 step 10500/63768 loss 1.3422 lr 9.41e-06
epoch 0 step 10600/63768 loss 1.3445 lr 9.40e-06
epoch 0 step 10700/63768 loss 1.3426 lr 9.39e-06
epoch 0 step 10800/63768 loss 1.3140 lr 9.38e-06
epoch 0 step 10900/63768 loss 1.3270 lr 9.37e-06
epoch 0 step 11000/63768 loss 1.4223 lr 9.36e-06
epoch 0 step 11100/63768 loss 1.3014 lr 9.34e-06
epoch 0 step 11200/63768 loss 1.3470 lr 9.33e-06
epoch 0 step 11300/63768 loss 1.3814 lr 9.32e-06
epoch 0 step 11400/63768 loss 1.3345 lr 9.31e-06
epoch 0 step 11500/63768 loss 1.3484 lr 9.30e-06
epoch 0 step 11600/63768 loss 1.3716 lr 9.29e-06
epoch 0 step 11700/63768 loss 1.3834 lr 9.27e-06
epoch 0 step 11800/63768 loss 1.3534 lr 9.26e-06
epoch 0 step 11900/63768 loss 1.3465 lr 9.25e-06
epoch 0 step 12000/63768 loss 1.3553 lr 9.24e-06
[save] checkpoints/embedding/embedding_stage2_768_step12000.pth + latest -> checkpoints/embedding/embedding_stage2_768.pth
epoch 0 step 12100/63768 loss 1.3236 lr 9.22e-06
epoch 0 step 12200/63768 loss 1.3351 lr 9.21e-06
epoch 0 step 12300/63768 loss 1.3291 lr 9.20e-06
epoch 0 step 12400/63768 loss 1.3166 lr 9.19e-06
epoch 0 step 12500/63768 loss 1.4056 lr 9.17e-06
epoch 0 step 12600/63768 loss 1.3735 lr 9.16e-06
epoch 0 step 12700/63768 loss 1.3385 lr 9.15e-06
epoch 0 step 12800/63768 loss 1.2914 lr 9.13e-06
epoch 0 step 12900/63768 loss 1.3326 lr 9.12e-06
epoch 0 step 13000/63768 loss 1.3293 lr 9.11e-06
epoch 0 step 13100/63768 loss 1.3154 lr 9.10e-06
epoch 0 step 13200/63768 loss 1.2958 lr 9.08e-06
epoch 0 step 13300/63768 loss 1.2899 lr 9.07e-06
epoch 0 step 13400/63768 loss 1.3386 lr 9.05e-06
epoch 0 step 13500/63768 loss 1.2957 lr 9.04e-06
epoch 0 step 13600/63768 loss 1.2965 lr 9.03e-06
epoch 0 step 13700/63768 loss 1.3311 lr 9.01e-06
epoch 0 step 13800/63768 loss 1.4151 lr 9.00e-06
epoch 0 step 13900/63768 loss 1.3744 lr 8.99e-06
epoch 0 step 14000/63768 loss 1.2917 lr 8.97e-06
epoch 0 step 14100/63768 loss 1.3277 lr 8.96e-06
epoch 0 step 14200/63768 loss 1.3143 lr 8.94e-06
epoch 0 step 14300/63768 loss 1.2884 lr 8.93e-06
epoch 0 step 14400/63768 loss 1.3100 lr 8.91e-06
epoch 0 step 14500/63768 loss 1.3149 lr 8.90e-06
epoch 0 step 14600/63768 loss 1.3915 lr 8.89e-06
epoch 0 step 14700/63768 loss 1.2775 lr 8.87e-06
epoch 0 step 14800/63768 loss 1.2945 lr 8.86e-06
epoch 0 step 14900/63768 loss 1.2757 lr 8.84e-06
epoch 0 step 15000/63768 loss 1.3166 lr 8.83e-06
epoch 0 step 15100/63768 loss 1.2406 lr 8.81e-06
epoch 0 step 15200/63768 loss 1.3274 lr 8.80e-06
epoch 0 step 15300/63768 loss 1.3530 lr 8.78e-06
epoch 0 step 15400/63768 loss 1.2922 lr 8.77e-06
epoch 0 step 15500/63768 loss 1.2857 lr 8.75e-06
epoch 0 step 15600/63768 loss 1.3360 lr 8.74e-06
epoch 0 step 15700/63768 loss 1.3146 lr 8.72e-06
epoch 0 step 15800/63768 loss 1.3135 lr 8.70e-06
epoch 0 step 15900/63768 loss 1.3050 lr 8.69e-06
epoch 0 step 16000/63768 loss 1.2939 lr 8.67e-06
[save] checkpoints/embedding/embedding_stage2_768_step16000.pth + latest -> checkpoints/embedding/embedding_stage2_768.pth
epoch 0 step 16100/63768 loss 1.2708 lr 8.66e-06
epoch 0 step 16200/63768 loss 1.3037 lr 8.64e-06
epoch 0 step 16300/63768 loss 1.3166 lr 8.63e-06
epoch 0 step 16400/63768 loss 1.2552 lr 8.61e-06
epoch 0 step 16500/63768 loss 1.2282 lr 8.59e-06
epoch 0 step 16600/63768 loss 1.3195 lr 8.58e-06
epoch 0 step 16700/63768 loss 1.2386 lr 8.56e-06
epoch 0 step 16800/63768 loss 1.3520 lr 8.54e-06
epoch 0 step 16900/63768 loss 1.2652 lr 8.53e-06
epoch 0 step 17000/63768 loss 1.2620 lr 8.51e-06
epoch 0 step 17100/63768 loss 1.2460 lr 8.50e-06
epoch 0 step 17200/63768 loss 1.2988 lr 8.48e-06
epoch 0 step 17300/63768 loss 1.3006 lr 8.46e-06
epoch 0 step 17400/63768 loss 1.3027 lr 8.45e-06
epoch 0 step 17500/63768 loss 1.2654 lr 8.43e-06
epoch 0 step 17600/63768 loss 1.2983 lr 8.41e-06
epoch 0 step 17700/63768 loss 1.2585 lr 8.39e-06
epoch 0 step 17800/63768 loss 1.3234 lr 8.38e-06
epoch 0 step 17900/63768 loss 1.2912 lr 8.36e-06
epoch 0 step 18000/63768 loss 1.2712 lr 8.34e-06
epoch 0 step 18100/63768 loss 1.3055 lr 8.33e-06
epoch 0 step 18200/63768 loss 1.2989 lr 8.31e-06
epoch 0 step 18300/63768 loss 1.2622 lr 8.29e-06
epoch 0 step 18400/63768 loss 1.2610 lr 8.27e-06
epoch 0 step 18500/63768 loss 1.3050 lr 8.26e-06
epoch 0 step 18600/63768 loss 1.2581 lr 8.24e-06
epoch 0 step 18700/63768 loss 1.2387 lr 8.22e-06
epoch 0 step 18800/63768 loss 1.2486 lr 8.20e-06
epoch 0 step 18900/63768 loss 1.2607 lr 8.19e-06
epoch 0 step 19000/63768 loss 1.2743 lr 8.17e-06
epoch 0 step 19100/63768 loss 1.2900 lr 8.15e-06
epoch 0 step 19200/63768 loss 1.2556 lr 8.13e-06
epoch 0 step 19300/63768 loss 1.2753 lr 8.11e-06
epoch 0 step 19400/63768 loss 1.2293 lr 8.10e-06
epoch 0 step 19500/63768 loss 1.2992 lr 8.08e-06
epoch 0 step 19600/63768 loss 1.2243 lr 8.06e-06
epoch 0 step 19700/63768 loss 1.2888 lr 8.04e-06
epoch 0 step 19800/63768 loss 1.2561 lr 8.02e-06
epoch 0 step 19900/63768 loss 1.2346 lr 8.01e-06
epoch 0 step 20000/63768 loss 1.2888 lr 7.99e-06
[save] checkpoints/embedding/embedding_stage2_768_step20000.pth + latest -> checkpoints/embedding/embedding_stage2_768.pth
epoch 0 step 20100/63768 loss 1.3142 lr 7.97e-06
epoch 0 step 20200/63768 loss 1.2737 lr 7.95e-06
epoch 0 step 20300/63768 loss 1.2475 lr 7.93e-06
epoch 0 step 20400/63768 loss 1.2870 lr 7.91e-06
epoch 0 step 20500/63768 loss 1.2642 lr 7.89e-06
epoch 0 step 20600/63768 loss 1.2278 lr 7.87e-06
epoch 0 step 20700/63768 loss 1.2765 lr 7.86e-06
epoch 0 step 20800/63768 loss 1.2849 lr 7.84e-06
epoch 0 step 20900/63768 loss 1.2068 lr 7.82e-06
epoch 0 step 21000/63768 loss 1.2387 lr 7.80e-06
epoch 0 step 21100/63768 loss 1.2566 lr 7.78e-06
epoch 0 step 21200/63768 loss 1.2190 lr 7.76e-06
epoch 1 step 21300/63768 loss 1.1972 lr 7.74e-06
epoch 1 step 21400/63768 loss 1.0925 lr 7.72e-06
epoch 1 step 21500/63768 loss 1.0866 lr 7.70e-06
epoch 1 step 21600/63768 loss 1.1034 lr 7.68e-06
epoch 1 step 21700/63768 loss 1.0308 lr 7.66e-06
epoch 1 step 21800/63768 loss 1.0834 lr 7.64e-06
epoch 1 step 21900/63768 loss 1.1192 lr 7.63e-06
epoch 1 step 22000/63768 loss 1.0961 lr 7.61e-06
epoch 1 step 22100/63768 loss 1.1540 lr 7.59e-06
epoch 1 step 22200/63768 loss 1.1259 lr 7.57e-06
epoch 1 step 22300/63768 loss 1.0452 lr 7.55e-06
epoch 1 step 22400/63768 loss 1.1037 lr 7.53e-06
epoch 1 step 22500/63768 loss 1.0648 lr 7.51e-06
epoch 1 step 22600/63768 loss 1.0865 lr 7.49e-06
epoch 1 step 22700/63768 loss 1.0750 lr 7.47e-06
epoch 1 step 22800/63768 loss 1.0998 lr 7.45e-06
epoch 1 step 22900/63768 loss 1.0448 lr 7.43e-06
epoch 1 step 23000/63768 loss 1.0418 lr 7.41e-06
epoch 1 step 23100/63768 loss 1.0724 lr 7.39e-06
epoch 1 step 23200/63768 loss 1.0598 lr 7.37e-06
epoch 1 step 23300/63768 loss 1.0905 lr 7.35e-06
epoch 1 step 23400/63768 loss 1.0646 lr 7.33e-06
epoch 1 step 23500/63768 loss 1.1032 lr 7.31e-06
epoch 1 step 23600/63768 loss 1.0583 lr 7.29e-06
epoch 1 step 23700/63768 loss 1.1202 lr 7.27e-06
epoch 1 step 23800/63768 loss 1.1111 lr 7.25e-06
epoch 1 step 23900/63768 loss 1.1248 lr 7.22e-06
epoch 1 step 24000/63768 loss 1.0969 lr 7.20e-06
[save] checkpoints/embedding/embedding_stage2_768_step24000.pth + latest -> checkpoints/embedding/embedding_stage2_768.pth
epoch 1 step 24100/63768 loss 1.0848 lr 7.18e-06
epoch 1 step 24200/63768 loss 1.0510 lr 7.16e-06
epoch 1 step 24300/63768 loss 1.0752 lr 7.14e-06
epoch 1 step 24400/63768 loss 1.0728 lr 7.12e-06
epoch 1 step 24500/63768 loss 1.0755 lr 7.10e-06
epoch 1 step 24600/63768 loss 1.0698 lr 7.08e-06
epoch 1 step 24700/63768 loss 1.0572 lr 7.06e-06
epoch 1 step 24800/63768 loss 1.0661 lr 7.04e-06
epoch 1 step 24900/63768 loss 1.1091 lr 7.02e-06
epoch 1 step 25000/63768 loss 1.1168 lr 7.00e-06
epoch 1 step 25100/63768 loss 1.0736 lr 6.98e-06
epoch 1 step 25200/63768 loss 1.1423 lr 6.96e-06
epoch 1 step 25300/63768 loss 1.0890 lr 6.93e-06
epoch 1 step 25400/63768 loss 1.0737 lr 6.91e-06
epoch 1 step 25500/63768 loss 1.0832 lr 6.89e-06
epoch 1 step 25600/63768 loss 1.1288 lr 6.87e-06
epoch 1 step 25700/63768 loss 1.0642 lr 6.85e-06
epoch 1 step 25800/63768 loss 1.1078 lr 6.83e-06
epoch 1 step 25900/63768 loss 1.1021 lr 6.81e-06
epoch 1 step 26000/63768 loss 1.0863 lr 6.79e-06
epoch 1 step 26100/63768 loss 1.0705 lr 6.77e-06
epoch 1 step 26200/63768 loss 1.1082 lr 6.74e-06
epoch 1 step 26300/63768 loss 1.0490 lr 6.72e-06
epoch 1 step 26400/63768 loss 1.0639 lr 6.70e-06
epoch 1 step 26500/63768 loss 1.0645 lr 6.68e-06
epoch 1 step 26600/63768 loss 1.1449 lr 6.66e-06
epoch 1 step 26700/63768 loss 1.0407 lr 6.64e-06
epoch 1 step 26800/63768 loss 1.0377 lr 6.62e-06
epoch 1 step 26900/63768 loss 1.0779 lr 6.59e-06
epoch 1 step 27000/63768 loss 0.9774 lr 6.57e-06
epoch 1 step 27100/63768 loss 1.1020 lr 6.55e-06
epoch 1 step 27200/63768 loss 1.0626 lr 6.53e-06
epoch 1 step 27300/63768 loss 1.0257 lr 6.51e-06
epoch 1 step 27400/63768 loss 1.0104 lr 6.49e-06
epoch 1 step 27500/63768 loss 1.1108 lr 6.46e-06
epoch 1 step 27600/63768 loss 1.0946 lr 6.44e-06
epoch 1 step 27700/63768 loss 1.0857 lr 6.42e-06
epoch 1 step 27800/63768 loss 1.0649 lr 6.40e-06
epoch 1 step 27900/63768 loss 1.1098 lr 6.38e-06
epoch 1 step 28000/63768 loss 1.0780 lr 6.36e-06
[save] checkpoints/embedding/embedding_stage2_768_step28000.pth + latest -> checkpoints/embedding/embedding_stage2_768.pth
epoch 1 step 28100/63768 loss 1.0414 lr 6.33e-06
epoch 1 step 28200/63768 loss 1.1263 lr 6.31e-06
epoch 1 step 28300/63768 loss 1.0951 lr 6.29e-06
epoch 1 step 28400/63768 loss 1.0503 lr 6.27e-06
epoch 1 step 28500/63768 loss 1.0679 lr 6.25e-06
epoch 1 step 28600/63768 loss 1.1424 lr 6.23e-06
epoch 1 step 28700/63768 loss 1.0286 lr 6.20e-06
epoch 1 step 28800/63768 loss 1.0394 lr 6.18e-06
epoch 1 step 28900/63768 loss 1.0663 lr 6.16e-06
epoch 1 step 29000/63768 loss 1.0802 lr 6.14e-06
epoch 1 step 29100/63768 loss 1.0529 lr 6.12e-06
epoch 1 step 29200/63768 loss 1.0544 lr 6.09e-06
epoch 1 step 29300/63768 loss 1.0679 lr 6.07e-06
epoch 1 step 29400/63768 loss 1.0307 lr 6.05e-06
epoch 1 step 29500/63768 loss 1.0437 lr 6.03e-06
epoch 1 step 29600/63768 loss 1.0966 lr 6.01e-06
epoch 1 step 29700/63768 loss 1.0649 lr 5.98e-06
epoch 1 step 29800/63768 loss 1.0445 lr 5.96e-06
epoch 1 step 29900/63768 loss 1.0156 lr 5.94e-06
epoch 1 step 30000/63768 loss 1.0949 lr 5.92e-06
epoch 1 step 30100/63768 loss 1.0425 lr 5.90e-06
epoch 1 step 30200/63768 loss 1.0249 lr 5.87e-06
epoch 1 step 30300/63768 loss 1.0930 lr 5.85e-06
epoch 1 step 30400/63768 loss 1.0083 lr 5.83e-06
epoch 1 step 30500/63768 loss 1.1088 lr 5.81e-06
epoch 1 step 30600/63768 loss 1.0441 lr 5.78e-06
epoch 1 step 30700/63768 loss 1.0456 lr 5.76e-06
epoch 1 step 30800/63768 loss 1.0412 lr 5.74e-06
epoch 1 step 30900/63768 loss 1.0666 lr 5.72e-06
epoch 1 step 31000/63768 loss 1.0269 lr 5.70e-06
epoch 1 step 31100/63768 loss 1.0970 lr 5.67e-06
epoch 1 step 31200/63768 loss 1.0813 lr 5.65e-06
epoch 1 step 31300/63768 loss 1.0695 lr 5.63e-06
epoch 1 step 31400/63768 loss 0.9572 lr 5.61e-06
epoch 1 step 31500/63768 loss 1.0594 lr 5.59e-06
epoch 1 step 31600/63768 loss 1.0313 lr 5.56e-06
epoch 1 step 31700/63768 loss 1.0008 lr 5.54e-06
epoch 1 step 31800/63768 loss 1.0459 lr 5.52e-06
epoch 1 step 31900/63768 loss 1.0373 lr 5.50e-06
epoch 1 step 32000/63768 loss 1.0315 lr 5.47e-06
[save] checkpoints/embedding/embedding_stage2_768_step32000.pth + latest -> checkpoints/embedding/embedding_stage2_768.pth
epoch 1 step 32100/63768 loss 0.9849 lr 5.45e-06
epoch 1 step 32200/63768 loss 1.0431 lr 5.43e-06
epoch 1 step 32300/63768 loss 1.0463 lr 5.41e-06
epoch 1 step 32400/63768 loss 1.0496 lr 5.39e-06
epoch 1 step 32500/63768 loss 1.0201 lr 5.36e-06
epoch 1 step 32600/63768 loss 1.0664 lr 5.34e-06
epoch 1 step 32700/63768 loss 1.0170 lr 5.32e-06
epoch 1 step 32800/63768 loss 1.0378 lr 5.30e-06
epoch 1 step 32900/63768 loss 0.9938 lr 5.28e-06
epoch 1 step 33000/63768 loss 1.0393 lr 5.25e-06
epoch 1 step 33100/63768 loss 0.9974 lr 5.23e-06
epoch 1 step 33200/63768 loss 1.0440 lr 5.21e-06
epoch 1 step 33300/63768 loss 1.0227 lr 5.19e-06
epoch 1 step 33400/63768 loss 1.0369 lr 5.16e-06
epoch 1 step 33500/63768 loss 1.0369 lr 5.14e-06
epoch 1 step 33600/63768 loss 1.0584 lr 5.12e-06
epoch 1 step 33700/63768 loss 1.0580 lr 5.10e-06
epoch 1 step 33800/63768 loss 1.0166 lr 5.08e-06
epoch 1 step 33900/63768 loss 1.0368 lr 5.05e-06
epoch 1 step 34000/63768 loss 1.0349 lr 5.03e-06
epoch 1 step 34100/63768 loss 1.0122 lr 5.01e-06
epoch 1 step 34200/63768 loss 0.9800 lr 4.99e-06
epoch 1 step 34300/63768 loss 1.0093 lr 4.97e-06
epoch 1 step 34400/63768 loss 1.0182 lr 4.94e-06
epoch 1 step 34500/63768 loss 1.0278 lr 4.92e-06
epoch 1 step 34600/63768 loss 1.0474 lr 4.90e-06
epoch 1 step 34700/63768 loss 1.0294 lr 4.88e-06
epoch 1 step 34800/63768 loss 1.0536 lr 4.86e-06
epoch 1 step 34900/63768 loss 1.0441 lr 4.83e-06
epoch 1 step 35000/63768 loss 1.0397 lr 4.81e-06
epoch 1 step 35100/63768 loss 1.0334 lr 4.79e-06
epoch 1 step 35200/63768 loss 0.9635 lr 4.77e-06
epoch 1 step 35300/63768 loss 1.0050 lr 4.75e-06
epoch 1 step 35400/63768 loss 0.9899 lr 4.72e-06
epoch 1 step 35500/63768 loss 1.0611 lr 4.70e-06
epoch 1 step 35600/63768 loss 1.0323 lr 4.68e-06
epoch 1 step 35700/63768 loss 1.0433 lr 4.66e-06
epoch 1 step 35800/63768 loss 1.0190 lr 4.64e-06
epoch 1 step 35900/63768 loss 0.9659 lr 4.62e-06
epoch 1 step 36000/63768 loss 1.0466 lr 4.59e-06
[save] checkpoints/embedding/embedding_stage2_768_step36000.pth + latest -> checkpoints/embedding/embedding_stage2_768.pth
epoch 1 step 36100/63768 loss 1.0521 lr 4.57e-06
epoch 1 step 36200/63768 loss 1.0049 lr 4.55e-06
epoch 1 step 36300/63768 loss 0.9467 lr 4.53e-06
epoch 1 step 36400/63768 loss 0.9551 lr 4.51e-06
epoch 1 step 36500/63768 loss 1.0117 lr 4.49e-06
epoch 1 step 36600/63768 loss 0.9333 lr 4.46e-06
epoch 1 step 36700/63768 loss 0.9845 lr 4.44e-06
epoch 1 step 36800/63768 loss 0.9900 lr 4.42e-06
epoch 1 step 36900/63768 loss 0.9942 lr 4.40e-06
epoch 1 step 37000/63768 loss 0.9577 lr 4.38e-06
epoch 1 step 37100/63768 loss 0.9769 lr 4.36e-06
epoch 1 step 37200/63768 loss 1.0120 lr 4.34e-06
epoch 1 step 37300/63768 loss 0.9481 lr 4.31e-06
epoch 1 step 37400/63768 loss 1.0745 lr 4.29e-06
epoch 1 step 37500/63768 loss 0.9678 lr 4.27e-06
epoch 1 step 37600/63768 loss 1.0312 lr 4.25e-06
epoch 1 step 37700/63768 loss 0.9932 lr 4.23e-06
epoch 1 step 37800/63768 loss 1.0033 lr 4.21e-06
epoch 1 step 37900/63768 loss 0.9458 lr 4.19e-06
epoch 1 step 38000/63768 loss 0.9756 lr 4.16e-06
epoch 1 step 38100/63768 loss 0.9662 lr 4.14e-06
epoch 1 step 38200/63768 loss 0.9971 lr 4.12e-06
epoch 1 step 38300/63768 loss 0.8986 lr 4.10e-06
epoch 1 step 38400/63768 loss 0.9767 lr 4.08e-06
epoch 1 step 38500/63768 loss 0.9953 lr 4.06e-06
epoch 1 step 38600/63768 loss 0.9966 lr 4.04e-06
epoch 1 step 38700/63768 loss 1.0020 lr 4.02e-06
epoch 1 step 38800/63768 loss 1.0037 lr 4.00e-06
epoch 1 step 38900/63768 loss 1.0304 lr 3.98e-06
epoch 1 step 39000/63768 loss 1.0354 lr 3.95e-06
epoch 1 step 39100/63768 loss 1.0161 lr 3.93e-06
epoch 1 step 39200/63768 loss 0.9608 lr 3.91e-06
epoch 1 step 39300/63768 loss 0.9811 lr 3.89e-06
epoch 1 step 39400/63768 loss 0.9760 lr 3.87e-06
epoch 1 step 39500/63768 loss 0.9751 lr 3.85e-06
epoch 1 step 39600/63768 loss 0.9821 lr 3.83e-06
epoch 1 step 39700/63768 loss 1.0754 lr 3.81e-06
epoch 1 step 39800/63768 loss 0.9637 lr 3.79e-06
epoch 1 step 39900/63768 loss 0.9778 lr 3.77e-06
epoch 1 step 40000/63768 loss 0.9699 lr 3.75e-06
[save] checkpoints/embedding/embedding_stage2_768_step40000.pth + latest -> checkpoints/embedding/embedding_stage2_768.pth
epoch 1 step 40100/63768 loss 0.9922 lr 3.73e-06
epoch 1 step 40200/63768 loss 1.0177 lr 3.71e-06
epoch 1 step 40300/63768 loss 1.0220 lr 3.69e-06
epoch 1 step 40400/63768 loss 0.9274 lr 3.67e-06
epoch 1 step 40500/63768 loss 1.0024 lr 3.65e-06
epoch 1 step 40600/63768 loss 0.9367 lr 3.63e-06
epoch 1 step 40700/63768 loss 1.0126 lr 3.61e-06
epoch 1 step 40800/63768 loss 0.9644 lr 3.59e-06
epoch 1 step 40900/63768 loss 0.9996 lr 3.57e-06
epoch 1 step 41000/63768 loss 1.0163 lr 3.55e-06
epoch 1 step 41100/63768 loss 0.9825 lr 3.53e-06
epoch 1 step 41200/63768 loss 0.9488 lr 3.51e-06
epoch 1 step 41300/63768 loss 1.0511 lr 3.49e-06
epoch 1 step 41400/63768 loss 1.0045 lr 3.47e-06
epoch 1 step 41500/63768 loss 0.9700 lr 3.45e-06
epoch 1 step 41600/63768 loss 0.9945 lr 3.43e-06
epoch 1 step 41700/63768 loss 0.9598 lr 3.41e-06
epoch 1 step 41800/63768 loss 1.0116 lr 3.39e-06
epoch 1 step 41900/63768 loss 1.0008 lr 3.37e-06
epoch 1 step 42000/63768 loss 0.9515 lr 3.35e-06
epoch 1 step 42100/63768 loss 1.0117 lr 3.33e-06
epoch 1 step 42200/63768 loss 0.9689 lr 3.31e-06
epoch 1 step 42300/63768 loss 0.9676 lr 3.29e-06
epoch 1 step 42400/63768 loss 0.9605 lr 3.27e-06
epoch 1 step 42500/63768 loss 1.0213 lr 3.25e-06
epoch 2 step 42600/63768 loss 0.8614 lr 3.23e-06
epoch 2 step 42700/63768 loss 0.7972 lr 3.21e-06
epoch 2 step 42800/63768 loss 0.7664 lr 3.20e-06
epoch 2 step 42900/63768 loss 0.7872 lr 3.18e-06
epoch 2 step 43000/63768 loss 0.7910 lr 3.16e-06
epoch 2 step 43100/63768 loss 0.7685 lr 3.14e-06
epoch 2 step 43200/63768 loss 0.7835 lr 3.12e-06
epoch 2 step 43300/63768 loss 0.8114 lr 3.10e-06
epoch 2 step 43400/63768 loss 0.8109 lr 3.08e-06
epoch 2 step 43500/63768 loss 0.7441 lr 3.06e-06
epoch 2 step 43600/63768 loss 0.7471 lr 3.04e-06
epoch 2 step 43700/63768 loss 0.7467 lr 3.03e-06
epoch 2 step 43800/63768 loss 0.7599 lr 3.01e-06
epoch 2 step 43900/63768 loss 0.7864 lr 2.99e-06
epoch 2 step 44000/63768 loss 0.8040 lr 2.97e-06
[save] checkpoints/embedding/embedding_stage2_768_step44000.pth + latest -> checkpoints/embedding/embedding_stage2_768.pth
epoch 2 step 44100/63768 loss 0.8094 lr 2.95e-06
epoch 2 step 44200/63768 loss 0.7401 lr 2.93e-06
epoch 2 step 44300/63768 loss 0.7667 lr 2.92e-06
epoch 2 step 44400/63768 loss 0.7873 lr 2.90e-06
epoch 2 step 44500/63768 loss 0.7942 lr 2.88e-06
epoch 2 step 44600/63768 loss 0.7929 lr 2.86e-06
epoch 2 step 44700/63768 loss 0.7778 lr 2.84e-06
epoch 2 step 44800/63768 loss 0.7612 lr 2.83e-06
epoch 2 step 44900/63768 loss 0.7777 lr 2.81e-06
epoch 2 step 45000/63768 loss 0.8208 lr 2.79e-06
epoch 2 step 45100/63768 loss 0.7239 lr 2.77e-06
epoch 2 step 45200/63768 loss 0.7837 lr 2.76e-06
epoch 2 step 45300/63768 loss 0.7191 lr 2.74e-06
epoch 2 step 45400/63768 loss 0.7921 lr 2.72e-06
epoch 2 step 45500/63768 loss 0.7949 lr 2.70e-06
epoch 2 step 45600/63768 loss 0.7277 lr 2.69e-06
epoch 2 step 45700/63768 loss 0.7837 lr 2.67e-06
epoch 2 step 45800/63768 loss 0.7518 lr 2.65e-06
epoch 2 step 45900/63768 loss 0.7785 lr 2.63e-06
epoch 2 step 46000/63768 loss 0.7362 lr 2.62e-06
epoch 2 step 46100/63768 loss 0.7419 lr 2.60e-06
epoch 2 step 46200/63768 loss 0.7987 lr 2.58e-06
epoch 2 step 46300/63768 loss 0.8102 lr 2.57e-06
epoch 2 step 46400/63768 loss 0.7539 lr 2.55e-06
epoch 2 step 46500/63768 loss 0.7846 lr 2.53e-06
epoch 2 step 46600/63768 loss 0.7615 lr 2.52e-06
epoch 2 step 46700/63768 loss 0.7737 lr 2.50e-06
epoch 2 step 46800/63768 loss 0.7567 lr 2.48e-06
epoch 2 step 46900/63768 loss 0.7916 lr 2.47e-06
epoch 2 step 47000/63768 loss 0.7912 lr 2.45e-06
epoch 2 step 47100/63768 loss 0.7686 lr 2.43e-06
epoch 2 step 47200/63768 loss 0.7116 lr 2.42e-06
epoch 2 step 47300/63768 loss 0.7251 lr 2.40e-06
epoch 2 step 47400/63768 loss 0.7628 lr 2.39e-06
epoch 2 step 47500/63768 loss 0.7565 lr 2.37e-06
epoch 2 step 47600/63768 loss 0.7350 lr 2.35e-06
epoch 2 step 47700/63768 loss 0.7788 lr 2.34e-06
epoch 2 step 47800/63768 loss 0.7442 lr 2.32e-06
epoch 2 step 47900/63768 loss 0.7728 lr 2.31e-06
epoch 2 step 48000/63768 loss 0.7247 lr 2.29e-06
[save] checkpoints/embedding/embedding_stage2_768_step48000.pth + latest -> checkpoints/embedding/embedding_stage2_768.pth
epoch 2 step 48100/63768 loss 0.7441 lr 2.28e-06
epoch 2 step 48200/63768 loss 0.7390 lr 2.26e-06
epoch 2 step 48300/63768 loss 0.7201 lr 2.24e-06
epoch 2 step 48400/63768 loss 0.7829 lr 2.23e-06
epoch 2 step 48500/63768 loss 0.6737 lr 2.21e-06
epoch 2 step 48600/63768 loss 0.7814 lr 2.20e-06
epoch 2 step 48700/63768 loss 0.7639 lr 2.18e-06
epoch 2 step 48800/63768 loss 0.7620 lr 2.17e-06
epoch 2 step 48900/63768 loss 0.7656 lr 2.15e-06
epoch 2 step 49000/63768 loss 0.7636 lr 2.14e-06
epoch 2 step 49100/63768 loss 0.7560 lr 2.12e-06
epoch 2 step 49200/63768 loss 0.7447 lr 2.11e-06
epoch 2 step 49300/63768 loss 0.7715 lr 2.10e-06
epoch 2 step 49400/63768 loss 0.7421 lr 2.08e-06
epoch 2 step 49500/63768 loss 0.7672 lr 2.07e-06
epoch 2 step 49600/63768 loss 0.7525 lr 2.05e-06
epoch 2 step 49700/63768 loss 0.7133 lr 2.04e-06
epoch 2 step 49800/63768 loss 0.7149 lr 2.02e-06
epoch 2 step 49900/63768 loss 0.7734 lr 2.01e-06
epoch 2 step 50000/63768 loss 0.7246 lr 2.00e-06
epoch 2 step 50100/63768 loss 0.7627 lr 1.98e-06
epoch 2 step 50200/63768 loss 0.7235 lr 1.97e-06
epoch 2 step 50300/63768 loss 0.7395 lr 1.95e-06
epoch 2 step 50400/63768 loss 0.7195 lr 1.94e-06
epoch 2 step 50500/63768 loss 0.7404 lr 1.93e-06
epoch 2 step 50600/63768 loss 0.7354 lr 1.91e-06
epoch 2 step 50700/63768 loss 0.7181 lr 1.90e-06
epoch 2 step 50800/63768 loss 0.7539 lr 1.89e-06
epoch 2 step 50900/63768 loss 0.7538 lr 1.87e-06
epoch 2 step 51000/63768 loss 0.7642 lr 1.86e-06
epoch 2 step 51100/63768 loss 0.7963 lr 1.85e-06
epoch 2 step 51200/63768 loss 0.7578 lr 1.84e-06
epoch 2 step 51300/63768 loss 0.6850 lr 1.82e-06
epoch 2 step 51400/63768 loss 0.7134 lr 1.81e-06
epoch 2 step 51500/63768 loss 0.7808 lr 1.80e-06
epoch 2 step 51600/63768 loss 0.7061 lr 1.78e-06
epoch 2 step 51700/63768 loss 0.7526 lr 1.77e-06
epoch 2 step 51800/63768 loss 0.7793 lr 1.76e-06
epoch 2 step 51900/63768 loss 0.8319 lr 1.75e-06
epoch 2 step 52000/63768 loss 0.8045 lr 1.74e-06
[save] checkpoints/embedding/embedding_stage2_768_step52000.pth + latest -> checkpoints/embedding/embedding_stage2_768.pth
epoch 2 step 52100/63768 loss 0.7476 lr 1.72e-06
epoch 2 step 52200/63768 loss 0.7628 lr 1.71e-06
epoch 2 step 52300/63768 loss 0.7094 lr 1.70e-06
epoch 2 step 52400/63768 loss 0.7547 lr 1.69e-06
epoch 2 step 52500/63768 loss 0.7409 lr 1.68e-06
epoch 2 step 52600/63768 loss 0.7450 lr 1.66e-06
epoch 2 step 52700/63768 loss 0.6738 lr 1.65e-06
epoch 2 step 52800/63768 loss 0.7456 lr 1.64e-06
epoch 2 step 52900/63768 loss 0.7507 lr 1.63e-06
epoch 2 step 53000/63768 loss 0.7335 lr 1.62e-06
epoch 2 step 53100/63768 loss 0.7586 lr 1.61e-06
epoch 2 step 53200/63768 loss 0.7558 lr 1.60e-06
epoch 2 step 53300/63768 loss 0.7044 lr 1.59e-06
epoch 2 step 53400/63768 loss 0.7322 lr 1.57e-06
epoch 2 step 53500/63768 loss 0.7289 lr 1.56e-06
epoch 2 step 53600/63768 loss 0.6899 lr 1.55e-06
epoch 2 step 53700/63768 loss 0.7387 lr 1.54e-06
epoch 2 step 53800/63768 loss 0.7301 lr 1.53e-06
epoch 2 step 53900/63768 loss 0.7049 lr 1.52e-06
epoch 2 step 54000/63768 loss 0.6997 lr 1.51e-06
epoch 2 step 54100/63768 loss 0.7614 lr 1.50e-06
epoch 2 step 54200/63768 loss 0.7125 lr 1.49e-06
epoch 2 step 54300/63768 loss 0.7236 lr 1.48e-06
epoch 2 step 54400/63768 loss 0.6904 lr 1.47e-06
epoch 2 step 54500/63768 loss 0.7225 lr 1.46e-06
epoch 2 step 54600/63768 loss 0.7371 lr 1.45e-06
epoch 2 step 54700/63768 loss 0.7224 lr 1.44e-06
epoch 2 step 54800/63768 loss 0.7132 lr 1.43e-06
epoch 2 step 54900/63768 loss 0.7249 lr 1.42e-06
epoch 2 step 55000/63768 loss 0.7442 lr 1.41e-06
epoch 2 step 55100/63768 loss 0.7638 lr 1.40e-06
epoch 2 step 55200/63768 loss 0.7472 lr 1.40e-06
epoch 2 step 55300/63768 loss 0.7870 lr 1.39e-06
epoch 2 step 55400/63768 loss 0.7424 lr 1.38e-06
epoch 2 step 55500/63768 loss 0.7439 lr 1.37e-06
epoch 2 step 55600/63768 loss 0.7522 lr 1.36e-06
epoch 2 step 55700/63768 loss 0.6843 lr 1.35e-06
epoch 2 step 55800/63768 loss 0.7344 lr 1.34e-06
epoch 2 step 55900/63768 loss 0.7739 lr 1.33e-06
epoch 2 step 56000/63768 loss 0.7191 lr 1.33e-06
[save] checkpoints/embedding/embedding_stage2_768_step56000.pth + latest -> checkpoints/embedding/embedding_stage2_768.pth
epoch 2 step 56100/63768 loss 0.7470 lr 1.32e-06
epoch 2 step 56200/63768 loss 0.6893 lr 1.31e-06
epoch 2 step 56300/63768 loss 0.7522 lr 1.30e-06
epoch 2 step 56400/63768 loss 0.6843 lr 1.29e-06
epoch 2 step 56500/63768 loss 0.7288 lr 1.29e-06
epoch 2 step 56600/63768 loss 0.7592 lr 1.28e-06
epoch 2 step 56700/63768 loss 0.7086 lr 1.27e-06
epoch 2 step 56800/63768 loss 0.7080 lr 1.26e-06
epoch 2 step 56900/63768 loss 0.7299 lr 1.26e-06
epoch 2 step 57000/63768 loss 0.7122 lr 1.25e-06
epoch 2 step 57100/63768 loss 0.7418 lr 1.24e-06
epoch 2 step 57200/63768 loss 0.7448 lr 1.23e-06
epoch 2 step 57300/63768 loss 0.6911 lr 1.23e-06
epoch 2 step 57400/63768 loss 0.7567 lr 1.22e-06
epoch 2 step 57500/63768 loss 0.7049 lr 1.21e-06
epoch 2 step 57600/63768 loss 0.7200 lr 1.21e-06
epoch 2 step 57700/63768 loss 0.7174 lr 1.20e-06
epoch 2 step 57800/63768 loss 0.6947 lr 1.19e-06
epoch 2 step 57900/63768 loss 0.7179 lr 1.19e-06
epoch 2 step 58000/63768 loss 0.7155 lr 1.18e-06
epoch 2 step 58100/63768 loss 0.7330 lr 1.17e-06
epoch 2 step 58200/63768 loss 0.7524 lr 1.17e-06
epoch 2 step 58300/63768 loss 0.7253 lr 1.16e-06
epoch 2 step 58400/63768 loss 0.7267 lr 1.16e-06
epoch 2 step 58500/63768 loss 0.7400 lr 1.15e-06
epoch 2 step 58600/63768 loss 0.7495 lr 1.15e-06
epoch 2 step 58700/63768 loss 0.7506 lr 1.14e-06
epoch 2 step 58800/63768 loss 0.7508 lr 1.13e-06
epoch 2 step 58900/63768 loss 0.7601 lr 1.13e-06
epoch 2 step 59000/63768 loss 0.7120 lr 1.12e-06
epoch 2 step 59100/63768 loss 0.7106 lr 1.12e-06
epoch 2 step 59200/63768 loss 0.7659 lr 1.11e-06
epoch 2 step 59300/63768 loss 0.7298 lr 1.11e-06
epoch 2 step 59400/63768 loss 0.7336 lr 1.10e-06
epoch 2 step 59500/63768 loss 0.7570 lr 1.10e-06
epoch 2 step 59600/63768 loss 0.7798 lr 1.09e-06
epoch 2 step 59700/63768 loss 0.6740 lr 1.09e-06
epoch 2 step 59800/63768 loss 0.6961 lr 1.09e-06
epoch 2 step 59900/63768 loss 0.7255 lr 1.08e-06
epoch 2 step 60000/63768 loss 0.6876 lr 1.08e-06
[save] checkpoints/embedding/embedding_stage2_768_step60000.pth + latest -> checkpoints/embedding/embedding_stage2_768.pth
epoch 2 step 60100/63768 loss 0.7221 lr 1.07e-06
epoch 2 step 60200/63768 loss 0.7511 lr 1.07e-06
epoch 2 step 60300/63768 loss 0.7344 lr 1.07e-06
epoch 2 step 60400/63768 loss 0.7295 lr 1.06e-06
epoch 2 step 60500/63768 loss 0.6886 lr 1.06e-06
epoch 2 step 60600/63768 loss 0.7092 lr 1.05e-06
epoch 2 step 60700/63768 loss 0.7001 lr 1.05e-06
epoch 2 step 60800/63768 loss 0.7032 lr 1.05e-06
epoch 2 step 60900/63768 loss 0.6822 lr 1.04e-06
epoch 2 step 61000/63768 loss 0.7414 lr 1.04e-06
epoch 2 step 61100/63768 loss 0.6922 lr 1.04e-06
epoch 2 step 61200/63768 loss 0.7057 lr 1.04e-06
epoch 2 step 61300/63768 loss 0.6795 lr 1.03e-06
epoch 2 step 61400/63768 loss 0.7124 lr 1.03e-06
epoch 2 step 61500/63768 loss 0.7748 lr 1.03e-06
epoch 2 step 61600/63768 loss 0.7101 lr 1.03e-06
epoch 2 step 61700/63768 loss 0.7737 lr 1.02e-06
epoch 2 step 61800/63768 loss 0.6643 lr 1.02e-06
epoch 2 step 61900/63768 loss 0.7359 lr 1.02e-06
epoch 2 step 62000/63768 loss 0.7152 lr 1.02e-06
epoch 2 step 62100/63768 loss 0.7286 lr 1.02e-06
epoch 2 step 62200/63768 loss 0.7480 lr 1.01e-06
epoch 2 step 62300/63768 loss 0.6291 lr 1.01e-06
epoch 2 step 62400/63768 loss 0.7442 lr 1.01e-06
epoch 2 step 62500/63768 loss 0.6936 lr 1.01e-06
epoch 2 step 62600/63768 loss 0.6963 lr 1.01e-06
epoch 2 step 62700/63768 loss 0.6641 lr 1.01e-06
epoch 2 step 62800/63768 loss 0.6818 lr 1.01e-06
epoch 2 step 62900/63768 loss 0.7346 lr 1.00e-06
epoch 2 step 63000/63768 loss 0.7218 lr 1.00e-06
epoch 2 step 63100/63768 loss 0.7317 lr 1.00e-06
epoch 2 step 63200/63768 loss 0.7449 lr 1.00e-06
epoch 2 step 63300/63768 loss 0.7186 lr 1.00e-06
epoch 2 step 63400/63768 loss 0.7232 lr 1.00e-06
epoch 2 step 63500/63768 loss 0.7525 lr 1.00e-06
epoch 2 step 63600/63768 loss 0.7114 lr 1.00e-06
epoch 2 step 63700/63768 loss 0.7199 lr 1.00e-06
[save] checkpoints/embedding/embedding_stage2_768_step63768.pth + latest -> checkpoints/embedding/embedding_stage2_768.pth
== 训练完成,共 63768 步 ==
wandb: updating run metadata
wandb: uploading output.log; uploading wandb-summary.json; uploading config.yaml
wandb: uploading output.log; uploading wandb-summary.json
wandb: uploading history steps 636-636, summary, console lines 653-654
wandb: uploading data
wandb: 
wandb: Run history:
wandb:    epoch ▁▁▁▁▁▁▁▁▁▁▁▁▁▁▅▅▅▅▅▅▅▅▅█████████████████
wandb:     loss ██▇▇▇▆▆▇▆▆▆▆▄▄▄▄▄▄▄▄▄▄▄▄▃▁▂▂▁▂▁▁▁▂▁▁▁▁▁▁
wandb:       lr ██████▇▇▇▇▇▇▇▆▆▆▆▆▆▅▄▄▄▄▄▄▄▃▃▃▂▂▂▁▁▁▁▁▁▁
wandb: progress ▁▁▂▂▂▂▂▂▂▃▃▃▃▄▄▄▄▄▄▄▅▅▅▅▅▅▅▆▆▆▆▆▇▇▇▇████
wandb:     step ▁▁▁▁▁▂▂▃▃▃▃▃▄▄▄▄▄▄▄▅▅▅▅▆▆▆▆▆▆▆▆▆▇▇▇▇▇▇██
wandb: 
wandb: Run summary:
wandb:    epoch 2
wandb:     loss 0.71994
wandb:       lr 0.0
wandb: progress 0.99893
wandb:     step 63700
wandb: 
wandb: 🚀 View run cloud_stage2_FINAL_batch16_w128 at: https://wandb.ai/qinganli-personal/minimind-embedding/runs/w6li4xpj
wandb: ⭐️ View project at: https://wandb.ai/qinganli-personal/minimind-embedding
wandb: Synced 5 W&B file(s), 0 media file(s), 0 artifact file(s) and 0 other file(s)
wandb: Find logs at: ./wandb/run-20260728_122846-w6li4xpj/logs
